// Jest Snapshot v1, https://goo.gl/fbAQLP

exports[`Pruebas en el componente GifApp El componente debe mostrarse correctamente 1`] = `
<Fragment>
  <h1>
    Gif APP
  </h1>
  <AddCategory
    setCategories={[Function]}
  />
  <hr />
  <ul />
</Fragment>
`;
